NS500412:306:HKMMHBGXV:1:11107:17881:6296	JX564866_G_pseustes_mitochondrion_	JX564866_G_pseustes_mitochondrion_	N/A	100.000	TCGGCCATTTTACCTGTGTTAATTACCC
NS500412:306:HKMMHBGXV:1:11110:1471:2315	JX564866_G_pseustes_mitochondrion_	JX564866_G_pseustes_mitochondrion_	N/A	92.308	ACTATTGATGCCCAAGAAATCGAAATAGTTTGAACCGTA
NS500412:306:HKMMHBGXV:1:11110:23179:11957	JX564866_G_pseustes_mitochondrion_	JX564866_G_pseustes_mitochondrion_	N/A	100.000	TACCCCATATCCCCCTAGAGGAGCCTGTCC
NS500412:306:HKMMHBGXV:1:11207:12424:9517	KF723440_G_monticola_voucher_KU212034	KF723440_G_monticola_voucher_KU212034	N/A	100.000	AGTTTTCTAGTTAAGTTCTTACTCCAGGATCA
NS500412:306:HKMMHBGXV:1:11210:2174:5499	JX564866_G_pseustes_mitochondrion_	JX564866_G_pseustes_mitochondrion_	N/A	97.619	TCACCCAAGCAGCAGCATCAGCCCTAATTTTATTTTCTAGCA
NS500412:306:HKMMHBGXV:1:11307:2061:18163	JX564866_G_pseustes_mitochondrion_	JX564866_G_pseustes_mitochondrion_	N/A	100.000	CTTGGTCTAAATTATCCTAAGTTTCTTA
NS500412:306:HKMMHBGXV:1:12109:11715:14040	KF723440_G_monticola_voucher_KU212034	KF723440_G_monticola_voucher_KU212034	N/A	100.000	AACAAATTGACATCAATTGACCCAATAT
NS500412:306:HKMMHBGXV:1:12109:11715:14040	MW367813_G_monticola_	MW367813_G_monticola_	N/A	100.000	AACAAATTGACATCAATTGACCCAATAT
NS500412:306:HKMMHBGXV:1:12109:11715:14040	DQ679395_G_litonedis	DQ679395_G_litonedis	N/A	100.000	AACAAATTGACATCAATTGACCCAATAT
NS500412:306:HKMMHBGXV:1:12211:7451:1105	KF723440_G_monticola_voucher_KU212034	KF723440_G_monticola_voucher_KU212034	N/A	100.000	AGTTCCTTCTTTTTCTTTTAATCTTTCTTGAAA
NS500412:306:HKMMHBGXV:1:12211:7451:1105	JX564866_G_pseustes_mitochondrion_	JX564866_G_pseustes_mitochondrion_	N/A	100.000	AGTTCCTTCTTTTTCTTTTAATCTTTCTTGAAA
NS500412:306:HKMMHBGXV:1:12211:7451:1105	KJ489498_G_riobambae_voucher_KU203519	KJ489498_G_riobambae_voucher_KU203519	N/A	96.970	AGTTCCTTCTTTTTCTTTTAATCTTTCTTGAAA
NS500412:306:HKMMHBGXV:1:12211:7451:1105	JN157623_G_excubitor_voucher_MUSM26280	JN157623_G_excubitor_voucher_MUSM26280	N/A	96.970	AGTTCCTTCTTTTTCTTTTAATCTTTCTTGAAA
NS500412:306:HKMMHBGXV:1:12211:20808:14885	KF723440_G_monticola_voucher_KU212034	KF723440_G_monticola_voucher_KU212034	N/A	100.000	TGTTAAGATAAAAATTGTTTTTCTGAAATTTGAGGG
NS500412:306:HKMMHBGXV:1:12211:20808:14885	MW367813_G_monticola_	MW367813_G_monticola_	N/A	100.000	TGTTAAGATAAAAATTGTTTTTCTGAAATTTGAGGG
NS500412:306:HKMMHBGXV:1:12303:22401:18461	JX564866_G_pseustes_mitochondrion_	JX564866_G_pseustes_mitochondrion_	N/A	100.000	TTTACCTTGACTGAATCAAGCTGTCGCTTATGTTCAATGTTAA
NS500412:306:HKMMHBGXV:1:12307:4006:16867	JX564866_G_pseustes_mitochondrion_	JX564866_G_pseustes_mitochondrion_	N/A	100.000	TAATTTAGACCAAGAGCCTTCAAAGCCCT
NS500412:306:HKMMHBGXV:1:12308:20094:4062	KF723440_G_monticola_voucher_KU212034	KF723440_G_monticola_voucher_KU212034	N/A	100.000	TAAGATAAAAATTGTTTTTCTGAAATTTGA
NS500412:306:HKMMHBGXV:1:12308:20094:4062	MW367813_G_monticola_	MW367813_G_monticola_	N/A	100.000	TAAGATAAAAATTGTTTTTCTGAAATTTGA
NS500412:306:HKMMHBGXV:1:12308:12676:5144	KF723440_G_monticola_voucher_KU212034	KF723440_G_monticola_voucher_KU212034	N/A	100.000	GAAAAACAATTTTTATCTTAACACTGTGT
NS500412:306:HKMMHBGXV:1:12308:12676:5144	MW367813_G_monticola_	MW367813_G_monticola_	N/A	100.000	GAAAAACAATTTTTATCTTAACACTGTGT
NS500412:306:HKMMHBGXV:1:12308:17685:11715	KF723440_G_monticola_voucher_KU212034	KF723440_G_monticola_voucher_KU212034	N/A	100.000	ACACAGTGTTAAGATAAAAATTGTTTTT
NS500412:306:HKMMHBGXV:1:12308:17685:11715	MW367813_G_monticola_	MW367813_G_monticola_	N/A	100.000	ACACAGTGTTAAGATAAAAATTGTTTTT
NS500412:306:HKMMHBGXV:1:12312:14738:16238	JX564866_G_pseustes_mitochondrion_	JX564866_G_pseustes_mitochondrion_	N/A	100.000	TTCAAACTATTTCGATTTCTTGGGCATC
