>NS500412:306:HKMMHBGXV:1:11107:17881:6296_JX564866_G_pseustes_mitochondrion__100.000
CCTTTCTCTCGGCCATTTTACCTGTGTTAATTACCCAGATCGGAAGAGCACACGTCTGAACTCCAGTCACTTAGG
>NS500412:306:HKMMHBGXV:1:11110:1471:2315_JX564866_G_pseustes_mitochondrion__92.308
ACTATTGATGCCCAAGAAATCGAAATAGTTTGAACCGTAGATCGGAAGAGCACACGTCTGAACTCCAGTCACTTA
>NS500412:306:HKMMHBGXV:1:11110:23179:11957_JX564866_G_pseustes_mitochondrion__100.000
TACCCCATATCCCCCTAGAGGAGCCTGTCCAGATCGGAAGAGCACACGTCTGAACTCCAGTCACTTAGGATGATC
>NS500412:306:HKMMHBGXV:1:11207:12424:9517_KF723440_G_monticola_voucher_KU212034_100.000
AGTTTTCTAGTTAAGTTCTTACTCCAGGATCAGATCGGAAGAGCACACGTCTGAACTCCAGTCACTTAGGATGCT
>NS500412:306:HKMMHBGXV:1:11210:2174:5499_JX564866_G_pseustes_mitochondrion__97.619
TCACCCAAGCAGCAGCATCAGCCCTAATTTTATTTTCTAGCAGATCGGAAGAGCACACGTCTGAACTCCAGTCAC
>NS500412:306:HKMMHBGXV:1:11307:2061:18163_JX564866_G_pseustes_mitochondrion__100.000
CTTGGTCTAAATTATCCTAAGTTTCTTAGATCGGAAGAGCACACGTCTGAACTCCAGTCACTTAGTATGATCTCG
>NS500412:306:HKMMHBGXV:1:12109:11715:14040_KF723440_G_monticola_voucher_KU212034_100.000
AACAAATTGACATCAATTGACCCAATATAGATCGGAAGAGCACACGTCTGAACTCCAGTCACTTAGGATGATCTC
>NS500412:306:HKMMHBGXV:1:12109:11715:14040_MW367813_G_monticola__100.000
AACAAATTGACATCAATTGACCCAATATAGATCGGAAGAGCACACGTCTGAACTCCAGTCACTTAGGATGATCTC
>NS500412:306:HKMMHBGXV:1:12109:11715:14040_DQ679395_G_litonedis_100.000
AACAAATTGACATCAATTGACCCAATATAGATCGGAAGAGCACACGTCTGAACTCCAGTCACTTAGGATGATCTC
>NS500412:306:HKMMHBGXV:1:12211:7451:1105_KF723440_G_monticola_voucher_KU212034_100.000
AGTTCCTTCTTTTTCTTTTAATCTTTCTTGAAAGATCGGAAGAGCACACGTCTGAACTCCAGTCACTTAGGATGA
>NS500412:306:HKMMHBGXV:1:12211:7451:1105_JX564866_G_pseustes_mitochondrion__100.000
AGTTCCTTCTTTTTCTTTTAATCTTTCTTGAAAGATCGGAAGAGCACACGTCTGAACTCCAGTCACTTAGGATGA
>NS500412:306:HKMMHBGXV:1:12211:7451:1105_KJ489498_G_riobambae_voucher_KU203519_96.970
AGTTCCTTCTTTTTCTTTTAATCTTTCTTGAAAGATCGGAAGAGCACACGTCTGAACTCCAGTCACTTAGGATGA
>NS500412:306:HKMMHBGXV:1:12211:7451:1105_JN157623_G_excubitor_voucher_MUSM26280_96.970
AGTTCCTTCTTTTTCTTTTAATCTTTCTTGAAAGATCGGAAGAGCACACGTCTGAACTCCAGTCACTTAGGATGA
>NS500412:306:HKMMHBGXV:1:12211:20808:14885_KF723440_G_monticola_voucher_KU212034_100.000
TGTTAAGATAAAAATTGTTTTTCTGAAATTTGAGGGAGATCGGAAGAGCACACGTCTGAACTCCAGTCACTTAGG
>NS500412:306:HKMMHBGXV:1:12211:20808:14885_MW367813_G_monticola__100.000
TGTTAAGATAAAAATTGTTTTTCTGAAATTTGAGGGAGATCGGAAGAGCACACGTCTGAACTCCAGTCACTTAGG
>NS500412:306:HKMMHBGXV:1:12303:22401:18461_JX564866_G_pseustes_mitochondrion__100.000
TTTACCTTGACTGAATCAAGCTGTCGCTTATGTTCAATGTTAAGATCGGAAGAGCACACGTCTGAACTCCAGTCA
>NS500412:306:HKMMHBGXV:1:12307:4006:16867_JX564866_G_pseustes_mitochondrion__100.000
TAATTTAGACCAAGAGCCTTCAAAGCCCTAGATCGGAAGAGCACACGTCTGAACTCCAGTCACTTAGGATGATCT
>NS500412:306:HKMMHBGXV:1:12308:20094:4062_KF723440_G_monticola_voucher_KU212034_100.000
TAAGATAAAAATTGTTTTTCTGAAATTTGAAGATCGGAAGAGCACACGTCTGAACTCCAGTCACTTAGGATGATC
>NS500412:306:HKMMHBGXV:1:12308:20094:4062_MW367813_G_monticola__100.000
TAAGATAAAAATTGTTTTTCTGAAATTTGAAGATCGGAAGAGCACACGTCTGAACTCCAGTCACTTAGGATGATC
>NS500412:306:HKMMHBGXV:1:12308:12676:5144_KF723440_G_monticola_voucher_KU212034_100.000
GAAAAACAATTTTTATCTTAACACTGTGTAGATCGGAAGAGCACACGTCTGAACTCCAGTCACTTAGGATGATCT
>NS500412:306:HKMMHBGXV:1:12308:12676:5144_MW367813_G_monticola__100.000
GAAAAACAATTTTTATCTTAACACTGTGTAGATCGGAAGAGCACACGTCTGAACTCCAGTCACTTAGGATGATCT
>NS500412:306:HKMMHBGXV:1:12308:17685:11715_KF723440_G_monticola_voucher_KU212034_100.000
ACACAGTGTTAAGATAAAAATTGTTTTTAGATCGGAAGAGCACACGTCTGAACTCCAGTCACTTAGGATGATCTC
>NS500412:306:HKMMHBGXV:1:12308:17685:11715_MW367813_G_monticola__100.000
ACACAGTGTTAAGATAAAAATTGTTTTTAGATCGGAAGAGCACACGTCTGAACTCCAGTCACTTAGGATGATCTC
>NS500412:306:HKMMHBGXV:1:12312:14738:16238_JX564866_G_pseustes_mitochondrion__100.000
TTCAAACTATTTCGATTTCTTGGGCATCAATAGATCGGAAGAGCACACGTCTGAACTCCAGTCACTTAGGATGAT
