>sequence1
MFADRWLFSTNHKDIGTLYLLFGAWAGVLGTALSLLIRAELGQPGNLLGNDHIYNVIVTAHAFVMIFFMV
MPIMIGGFGNWLVPLMIGAPDMAFPRMNNMSFWLLPPSLLLLLASAMVEAGAGTGWTVYPPLAGNYSHPG
ASVDLTIFSLHLAGVSSILGAINFITTIINMKPPAMTQYQTPLFVWSVLITAVLLLLSLPVLAAGITMLL
TDRNLNTTFFDPAGGGDPILYQHLFWFFGHPEVYILILPGFGMISHIVTYYSGKKEPFGYMGMVWAMMSI
GFLGFIVWAHHMFTVGMDVDTRAYFTSATMIIAIPTGVKVFSWLATLHGSNMKWSAAVLWALGFIFLFTV
GGLTGIVLANSSLDIVLHDTYYVVAHFHYVLSMGAVFAIMGGFIHWFPLFSGYTLDQTYAKIHFTIMFIG
VNLTFFPQHFLGLSGMPRRYSDYPDAYTTWNILSSVGSFISLTAVMLMIFMIWEAFASKRKVLMVEEPSM
NLEWLYGCPPPYHTFEEPVYMKS
>sequence2
GARSEVVLENVTEHFNMWKNDMVEQMQEDIISLWDQSLKPCVKLTPLCVGAGSCDTSVITQACPKISFEPIPIHYCAPAG
FAILKCNDKTFNGKGPCKNVSTVQCTHGIRPVVSTQLLLNGSLAEEEVVIRSDNFTNNAKTIIVQLKESVEINCTRPNQN
TRKSIHIGPGRAFYTTGEIIGDIRQAHCNISRAKWNDTLKQIVIKLREQFENKTIVFNHSSGGDPEIVMHSFNCGGEFFY
CNSAQLFNSTWNNNTEGSNNTEGNTITLPCRIKQIINMWQEVGKAMYAPPIRGQIRCSSNITGLLLTRDGGINENGTEIF
RPGGGDMRDNWRSELYKYKVVKIE

>sequence_db_pdb|6GIQ|a_pident_56.9
QRWLYSTNAKDIAVLYFMLAIFSGMAGTAMSLIIRLELAAPGSQYLHGNSQLFNVLVVGHAVLMIFFLVMPALIGGFGNYLLPLMIGATDTAFPRINNIAFWVLPMGLVCLVTSTLVESGAGTGWTVYPPLSSIQAHSGPSVDLAIFALHLTSISSLLGAINFIVTTLNMRTNGMTMHKLPLFVWSIFITAFLLLLSLPVLSAGITMLLLDRNFNTSFFEVSGGGDPILYEHLFWFFGHPEVYILIIPGFGIISHVVSTYS-KKPVFGEISMVYAMASIGLLGFLVWSHHMYIVGLDADTRAYFTSATMIIAIPTGIKIFSWLATIHGGSIRLATPMLYAIAFLFLFTMGGLTGVALANASLDVAFHDTYYVVGHFHYVLSMGAIFSLFAGYYYWSPQILGLNYNEKLAQIQFWLIFIGANVIFFPMHFLGINGMPRRIPDYPDAFAGWNYVASIGSFIATLSLFLFIYILYDQLVNGLNNKVNNKSVIYNKAPDFVESNTIFNLNTVKSSSIEFLLTSPPAVHSFNTP
>sequence_db_pdb|1AR1|A_pident_52.6
FFTRWFMSTNHKDIGILYLFTAGIVGLISVCFTVYMRMELQHPGVQYMCLEGARLIADASAECTPNGHLWNVMITYHGVLMMFFVVIPALFGGFGNYFMPLHIGAPDMAFPRLNNLSYWMYVCGVALGVASLLAPGGNDQMGSGVGWVLYPPLST--TEAGYSMDLAIFAVHVSGASSILGAINIITTFLNMRAPGMTLFKVPLFAWSVFITAWLILLSLPVLAGAITMLLMDRNFGTQFFDPAGGGDPVLYQHILWFFGHPEVYIIILPGFGIISHVISTFA-KKPIFGYLPMVLAMAAIGILGFVVWAHHMYTAGMSLTQQAYFMLATMTIAVPTGIKVFSWIATMWGGSIEFKTPMLWAFGFLFLFTVGGVTGVVLSQAPLDRVYHDTYYVVAHFHYVMSLGAVFGIFAGVYYWIGKMSGRQYPEWAGQLHFWMMFIGSNLIFFPQHFLGRQGMPRRYIDYPVEFAYWNNISSIGAYISFASFLFFIGIVFYTLFAGKRVNVPNYWNEHADTLEWTLPSPPPEHTFE
>sequence_db_pdb|3EHB|A_pident_52.4
FFTRWFMSTNHKDIGILYLFTAGIVGLISVCFTVYMRMELQHPGVQYMCLEGARLIADASAECTPNGHLWNVMITYHGVLMMFFVVIPALFGGFGNYFMPLHIGAPDMAFPRLDNLSYWMYVCGVALGVASLLAPGGNDQMGSGVGWVLYPPLST--TEAGYSMDLAIFAVHVSGASSILGAINIITTFLNMRAPGMTLFKVPLFAWSVFITAWLILLSLPVLAGAITMLLMDRNFGTQFFDPAGGGDPVLYQHILWFFGHPEVYIIILPGFGIISHVISTFA-KKPIFGYLPMVLAMAAIGILGFVVWAHHMYTAGMSLTQQAYFMLATMTIAVPTGIKVFSWIATMWGGSIEFKTPMLWAFGFLFLFTVGGVTGVVLSQAPLDRVYHDTYYVVAHFHYVMSLGAVFGIFAGVYYWIGKMSGRQYPEWAGQLHFWMMFIGSNLIFFPQHFLGRQGMPRRYIDYPVEFAYWNNISSIGAYISFASFLFFIGIVFYTLFAGKRVNVPNYWNEHADTLEWTLPSPPPEHTFE
>sequence_db_pdb|6CI0|A_pident_51.4
RWFMSTNHKDIGVLYLFTGGLVGLISVAFTVYMRMELMAPGVQFMCAEHLESGLVKGFFQSLWPSAVENCTPNGHLWNVMITGHGILMMFFVVIPALFGGFGNYFMPLHIGAPDMAFPRMNNLSYWLYVAGTSLAVASLFAPGGNGQLGSGIGWVLYPPLST--SESGYSTDLAIFAVHLSGASSILGAINMITTFLNMRAPGMTMHKVPLFAWSIFVTAWLILLALPVLAGAITMLLTDRNFGTTFFQPSGGGDPVLYQHILWFFGHPEVYIIVLPAFGIVSHVIATFA-KKPIFGYLPMVYAMVAIGVLGFVVWAHHMYTAGLSLTQQSYFMMATMVIAVPTGIKIFSWIATMWGGSIELKTPMLWALGFLFLFTVGGVTGIVLSQASVDRYYHDTYYVVAHFHYVMSLGAVFGIFAGIYFWIGKMSGRQYPEWAGKLHFWMMFVGANLTFFPQHFLGRQGMPRRYIDYPEAFATWNFVSSLGAFLSFASFLFFLGVIFYTLTRGARVTANNYWNEHADTLEWTLTSPPPEHTF
>sequence_db_pdb|3OMI|A_pident_51.3
RWFMSTNHKDIGVLYLFTGGLVGLISVAFTVYMRMELMAPGVQFMCAEHLESGLVKGFFQSLWPSAVENCTPNGHLWNVMITGHGILMMFFVVIPALFGGFGNYFMPLHIGAPAMAFPRMNNLSYWLYVAGTSLAVASLFAPGGNGQLGSGIGWVLYPPLST--SESGYSTDLAIFAVHLSGASSILGAINMITTFLNMRAPGMTMHKVPLFAWSIFVTAWLILLALPVLAGAITMLLTDRNFGTTFFQPSGGGDPVLYQHILWFFGHPEVYIIVLPAFGIVSHVIATFA-KKPIFGYLPMVYAMVAIGVLGFVVWAHHMYTAGLSLTQQSYFMMATMVIAVPTGIKIFSWIATMWGGSIELKTPMLWALGFLFLFTVGGVTGIVLSQASVDRYYHDTYYVVAHFHYVMSLGAVFGIFAGIYFWIGKMSGRQYPEWAGKLHFWMMFVGANLTFFPQHFLGRQGMPRRYIDYPEAFATWNFVSSLGAFLSFASFLFFLGVIFYTLTRGARVTANNYWNEHADTLEWTLTSPPPEHTF
>sequence_db_pdb|4GP8|A_pident_26.6
LVVAALPLLANEATVLWTFYPPLKGHWAFYLGASVF----------VLSTWVSIYIVLDLWRRWKAANPGKVTPLVTYMAVVFWLMWFLASLGLVLEAVLFLLPWS------FGLVEGVDPLVARTLFWWFGHPIVYFWLLPAYAIIYTILPKQAGGKLVSDPMARLAFLLFLLLSTPVGF----HHQFADPGIDPTWKMIHSVLTLFVAVPSLMTAFTVAASLEFAGRLRGGRGLFGWIRALPWDNPAFVAPVLGLLGFI----PGGAGGIVNASFTLDYVVHNTAWVPGHFHLQVASLVTLTAMGSLYWLLPNLTGKPISDAQRRLGLAVVWLWFLGMMIMAVGLHWAGLLNVPRRAYIAQVPDAYPHAAVPMVFNVLAGI---VLLVALLLFIYGLFSVLLSRERKPELAEAP
>sequence_db_pdb|4GP4|A_pident_27.4
GVDPLVARTLFWWTGHPIVYFWLLPAYAIIYTILPKQAGGKLVSDPMARLAFLLFLLLSTPVGF----HHQFADPGIDPTWKMIHSVLTLFVAVPSLMTAFTVAASLEFAGRLRGGRGLFGWIRALPWDNPAFVAPVLGLLGFI----PGGAGGIVNASFTLDYVVHNTAWVPGHFHLQVASLVTLTAMGSLYWLLPNLTGKPISDAQRRLGLAVVWLWFLGMMIMAVGLHWAGLLNVPRRAYIAQVPDAYPHAAVPMVFNVLAGI---VLLVALLLFIYGLFSVLLSRERKPELAEAP
>sequence_db_pdb|4G72|A_pident_27.0
GVDPLVARTLFWWTGHPIMYFWLLPAYAIIYTILPKQAGGKLVSDPMARLAFLLFLLLSTPVGF----HHQFADPGIDPTWKMIHSVLTLFVAVPSLMTAFTVAASLEFAGRLRGGRGLFGWIRALPWDNPAFVAPVLGLLGFI----PGGAGGIVNASFTLDYVVHNTAWVPGHFHLQVASLVTLTAMGSLYWLLPNLTGKPISDAQRRLGLAVVWLWFLGMMIMAVGLHWAGLLNVPRRAYIAQVPDAYPHAAVPMVFNVLAGI---VLLVALLLFIYGLFSVLLSRERKPELAEAP
>sequence_db_pdb|4G7R|A_pident_27.0
GVDPLVARTLFWWTGHPIAYFWLLPAYAIIYTILPKQAGGKLVSDPMARLAFLLFLLLSTPVGF----HHQFADPGIDPTWKMIHSVLTLFVAVPSLMTAFTVAASLEFAGRLRGGRGLFGWIRALPWDNPAFVAPVLGLLGFI----PGGAGGIVNASFTLDYVVHNTAWVPGHFHLQVASLVTLTAMGSLYWLLPNLTGKPISDAQRRLGLAVVWLWFLGMMIMAVGLHWAGLLNVPRRAYIAQVPDAYPHAAVPMVFNVLAGI---VLLVALLLFIYGLFSVLLSRERKPELAEAP
>sequence_db_pdb|4G70|A_pident_27.0
GVDPLVARTLFWWTGHPITYFWLLPAYAIIYTILPKQAGGKLVSDPMARLAFLLFLLLSTPVGF----HHQFADPGIDPTWKMIHSVLTLFVAVPSLMTAFTVAASLEFAGRLRGGRGLFGWIRALPWDNPAFVAPVLGLLGFI----PGGAGGIVNASFTLDYVVHNTAWVPGHFHLQVASLVTLTAMGSLYWLLPNLTGKPISDAQRRLGLAVVWLWFLGMMIMAVGLHWAGLLNVPRRAYIAQVPDAYPHAAVPMVFNVLAGI---VLLVALLLFIYGLFSVLLSRERKPELAEAP
>sequence_db_pdb|5FUU|A_pident_99.3
SCDTSVITQACPKISFEPIPIHYCAPAGFAILKCNDKTFNGKGPCKNVSTVQCTHGIRPVVSTQLLLNGSLAEEEVVIRSDNFTNNAKTIIVQLKESVEINCTRPNNNTRKSIHIGPGRAFYTTGEIIGDIRQAHCNISRAKWNDTLKQIVIKLREQFENKTIVFNHSSGGDPEIVMHSFNCGGEFFYCNSTQLFNSTWNNNTEGSNNTEGNTITLPCRIKQIINMWQEVGKAMYAPPIRGQIRCSSNITGLLLTRDGGINENGTEIFRPGGGDMRDNWRSELYKYKVVKIE
>sequence_db_pdb|3HI1|G_pident_84.1
TENFNMWKNNMVEQMHEDIISLWDQSLKPCVKLT---------GGSVITQACPKVSFEPIPIHYCAPAGFAILKCNDKKFNGTGPCTNVSTVQCTHGIRPVVSTQLLLNGSLAEEEIVIRSENFTNNAKTIIVQLNESVVINCTRPNNNTRKSINIGPGRALYTTGEIIGDIRQAHCNLSKTQWENTLEQIAIKLKEQFGNNKTIIFNPSSGGDPEIVTHSFNCGGEFFYCNSTQLF--TW-NDTRKLNNT-GRNITLPCRIKQIINMWQEVGKAMYAPPIRGQIRCSSNITGLLLTRDGGKDTNGTEIFRPGGGDMRDNWRSELYKYKVVKIE
>sequence_db_pdb|4R4H|A_pident_81.2
EVVLGNVTENFNMWKNNMVDQMHEDIISLWDESLKPCVKLT---------GGSVITQACPKVSFQPIPIHYCVPAGFAILKCNNKTFNGSGPCTNVSTVQCTHGIRPVVSTQLLLNGSLAEEDIVIRSEDFTDNVKTIIVQLNESVVINCTRPNNNTRERLSIGPGRAFYARRNIIGDIRQAHCNISRAKWNNTLQQIVIKLREKFRNKTIAFNQSSGGDPEIVMHSFNCGGEFFYCNTAQLFNSTW-NVAGGTNGTEGNDIITLQCRIKQIINMWQKVGKAMYAPPITGQIRCSSNITGLLLTRDGGNSTETETEIFRPGGGDMRDNWRSELYKYKVVRIE
>sequence_db_pdb|2NXZ|A_pident_80.2
EVVLVNVTENFNMWKNDMVEQMHEDIISLWDQSLKPCVKLTPLCVGAGSCNTSVITQACPKVSFEPIPIHYCAPAGFAILKCNNKTFNGTGPCTNVSTVQCTHGIRPVVSSQLLLNGSLAEEEVVIRSVNFTDNAKTIIVQLNTSVEINCT------------GAG----------------HCNIARAKWNNTLKQIASKLREQFGNNKTIIFKQSSGGDPEIVTHWFNCGGEFFYCNSTQLFNSTWFNSTWSTEGSNNTEGSDTITLPCRIKQIINMWQKVGKAMYAPPISGQIRCSSNITGLLLTRDGGNSNNESEIFRPGGGDMRDNWRSELYKYKVVKIE
>sequence_db_pdb|2NY4|A_pident_79.7
EVVLVNVTENFNMWKNDMVEQMHEDIISLWDQSLKPCVKLTPLCVGAGSCNTSVITQACPKVSFEPIPIHYCAPAGFAILKCNNCTFNGTGPCTNVSTVQCTHGIRPVVSSQLLLNGSLAECEVVIRSVNFTDNAKTIIVQLNTSVEINCT------------GAG----------------HCNIARAKWNNTLKQIASKLREQFGNNKTIIFKQSSGGDPEIVTHWFNCGGEFFYCNSTQLFNSTWFNSTWSTEGSNNTEGSDTITLPCRIKQIINMWQKVGKAMYAPPISGQIRCSSNITGLLLTRDGGNSNNESEIFRPGGGDMRDNWRSELYKYKVVKIE
>sequence_db_pdb|6OLP|A_pident_88.3
SCNTSVITQACPKVSFEPIPIHYCAPAGFAILKCNDKKFNGTGPCTNVSTVQCTHGIRPVVSTQLLLNGSLAEEEVVIRSANFTDNAKIIIVQLNKSVEINCTRPNNNTRKSIHIGPGRAFYTTGEIIGDIRQAHCNISGTKWNDTLKQIVVKLKEQFGNKTIVFNHSSGGDPEIVMHSFNCGGEFFYCNSTQLFNSTWNDTT-GSNYT--GTIVLPCRIKQIVNMWQEVGKAMYAPPIKGQIRCSSNITGLILIRDGGKNRSENTEIFRPGGGDMRDNWRSELYKYKVVKIE
>sequence_db_pdb|2NY6|A_pident_78.5
EVVLVNVTENFNWCKNDMVEQMHEDICSLWDQSLKPCVKLCPLCVGAGSCNTSVITQACPKVSFEPIPIHYCAPAGFAILKCNNKTFNGTGPCTNVSTVQCTHGIRPVVSSQLLLNGSLAEEEVVIRSCNFTDNAKTIIVQLNTSVEINCT------------GAG----------------HCNIARAKWNNTLKQIASKLREQFGNNKTIIFKQSSGGDPEIVTHWFNCGGEFFYCNSTQLFNSTWFNSTWSTEGSNNTEGSDTITLPCRIKQIINMWCKVCKAMYAPPISGQIRCSSNITGLLLTRDGGNSNNESEIFRPGGGDMRDNWRSELYKYKVVKIE
>sequence_db_pdb|3TGQ|A_pident_78.5
EVKLENVTENFNMWKNNMVEQMHEDIISLWDQSLKPCVKLT---------GGSVITQACPKVSFEPIPIHYCAPAGFAILKCNDKKFNGTGPCTNVSTVQCTHGIRPVVSTQLLLNGSLAEEEIVIRSENFTNNAKTIIVQLNESVVINCTRPNNGGSGSGG---------------DIRQAHCNLSKTQWENTLEQIAIKLKEQFGNNKTIIFNPSSGGDPEIVTHSFNCGGEFFYCNSTQLF--TW-NDTRKLNNT-GRNITLPCRIKQIINMWQEVGKAMYAPPIRGQIRCSSNITGLLLTRDGGKDTNGTEIFRPGGGDMRDNWRSELYKYKVVKIE
>sequence_db_pdb|6VY2|A_pident_62.0
EMVLKNVTENFNMWKNDMVDQMHEDVISLWDQSLKPCVKLTPLCVTLN--CTNATASNSSIIEGMKNCSFNITTELRDKREKKNALFYKLDIVQLDGNSSQYRLINCNTSVITQACPKVSFDPIPIHYCAPAGYAILKCNNKTFTGTGPCNNVSTVQCTHGIKPVVSTQLLLNGSLAEGEIIIRSENITNNVKTIIVHLNESVKIECTRPNNKTRTSIRIGPGQWFYATGQVIGDIREAYCNINESKWNETLQRVSKKLKEYFPHKNITFQPSSGGDLEITTHSFNCGGEFFYCNTSSLFNRTYMANSTDMANSTETNSTRTITIHCRIKQIINMWQEVGRAMYAPPIAGNITCISNITGLLLTRDGG--KNNTETFRPGGGNMKDNWRSELYKYKVVKIE
>sequence_db_pdb|5TE7|G_pident_70.8
EIVLKNVTENFNMWKNDMVDQMHEDIISLWDQSLKPCVKLT---------GGSAVTQACPKVSFDPIPIHYCAPAGYAILKCNNKTFNGTGPCNNVSTVQCTHGIKPVVSTQLLLNGSLAEEEVVIRFENLTNNAKIIIVHLNESVEINCTRPSNGGSGS---------------GGDIRQAHCNISRKKWNTTLQRVKEKLKEKFPNKTIQFAPSSGGDLEITTHSFNCRGEFFYCYTSDLFNSTY-----MSNNTGGANITLQCRIKQIIRMWQGVGQAMYAPPIAGNITCKSNITGLLLTRDGGKEKNDTETFRPGGGDMRDNWRSELYKYKVVEIK
>sequence_db_pdb|3LQA|G_pident_67.8
EIVLENVIENFNMWKNDMVDQMHQDIISLWDQSLKPCVKLTPLCVGAGNCNTSTIAQACPKVSFDPIPIHYCAPAGYAILKCNDKTFNGIGPCNNVSTVQCTHGIKPVVSTQLLLNGSLAEEEVVIRSENISNNVKTIIVHLTESVNITC------------IGAG----------------HCNINEKAWNETLKKVVEKLVKYFPNKTIEFAPPVGGDLEITTHSFNCGGEFFYCNTTKLFNSIHNSTDSTVNSTDSTAETGNSTNTNITLPCRIRQIINMWQEVGRAMYAPPSKGNITCISDITGLLLTRDGGENKTENNDTEIFRPGGGDMKDNWRSELYKYKVVEIK
>sequence_db_pdb|6L1Y|A_pident_67.9
EMVLENVTENFNMWKNDMVNQMQEDVISLWDQSLKPCVKLT---------GGSAITQACPKVTFDPIPIHYCTPAGYAILKCNDKIFNGTGPCHNVSTVQCTHGIKPVVSTQLLLNGSLAEGEIIIRSENLTNNVKTIIVHLNQSVEIVCTRPGNG--------------------GDIRQAHCNISEDKWNETLQRVSKKLAEHFQNKTIKFASSSGGDLEVTTHSFNCRGEFFYCNTSGLFNGAYTPNGTKSNSS--SIITIPCRIKQIINMWQEVGRAMYAPPIKGNITCKSNITGLLLVRDGGTEPNDTETFRPGGGDMRNNWRSELYKYKVVEIK
>sequence_db_pdb|5WDU|F_pident_86.6
EIHLENVTEEFNMWKNNMVEQMHTDIISLWDQSLKPCVKLTPLCV
>sequence_db_pdb|6CH7|G_pident_86.6
EIHLENVTEEFNMWKNNMVEQMHTDIISLWDQSLKPCVKLTPLCV
>sequence_db_pdb|6CH8|G_pident_86.6
EIHLENVTEEFNMWKNNMVEQMHTDIISLWDQSLKPCVKLTPLCV
>sequence_db_pdb|4JAN|G_pident_67.3
EMALGNVTENFNMWKNDMVDQMHEDIISLWDQSLKPCVKLT---------GGSTVTQACPKVSFDPIPIHYCAPAGYAILKCNNETFEGTGPCNNVSTVQCTHGIKPVVSTQLLLNGSLAKEEIVIRSENLTDNAKTIIVHLKESVEIVCTRPGNGGSGSG---------------GDTRQAHCNISEEKWNKTLQKVSKILQEHFPNKAIKFEPHSGGDLEITTHSFNCRGEFFYCNTTKLFNGTYNSTANSTGSVSNTTITLPCRIKQIVNMWQGVGRAMYAPPIKGNITCKSIITGLLLTRDGGNDDNDTETFRPGGGDMRDNWRSELYKYKVVEIK
>sequence_db_pdb|5CJX|G_pident_86.6
EIHLENVTEEFNMWKNNMVEQMHTDIISLWDQSLKPCVKLTPLCV
>sequence_db_pdb|4TVP|G_pident_86.6
EIHLENVTEEFNMWKNNMVEQMHTDIISLWDQSLKPCVKLTPLCV
>sequence_db_pdb|6V8X|A_pident_86.6
EIHLENVTEEFNMWKNNMVEQMHTDIISLWDQSLKPCVKLTPLCV
>sequence_db_pdb|6B0N|G_pident_86.6
EIHLENVTEEFNMWKNNMVEQMHTDIISLWDQSLKPCVKLTPLCV
>sequence_db_pdb|6ONE|A_pident_67.8
EIHLENVTENFNMWKNNMVEQMHEDIISLWDQSLQPCVKLT---------GGSVIKQACPKISFDPIPIHYCTPAGYVILKCNDKNFNGTGPCKNVSSVQCTHGIKPVVSTQLLLNGSLAEEEIIIRSENLTNNAKTIIVHLNKSVEINCTRPSNGGSGSGG---------------DIRKAYCEINGTKWNKVLKQVTEKLKEHFNNKTIIFQPPSGGDLEITMHTFNCRGEFFYCNTTQLFNNTCIGNETMKGCN----GTITLPCKIKQIINMWQGTGQAMYAPPIDGKINCVSNITGILLTRDGGANNTSNETFRPGGGDMRDNWRSELYKYKVVQIE
>sequence_db_pdb|6CDE|2_pident_86.6
EIHLENVTEEFNMWKNNMVEQMHTDIISLWDQSLKPCVKLTPLCV
>sequence_db_pdb|6OSY|2_pident_86.6
EIHLENVTEEFNMWKNNMVEQMHTDIISLWDQSLKPCVKLTPLCV
>sequence_db_pdb|3TGR|A_pident_68.5
EMVLANVTENFNMWKNDMVEQMHEDIISLWDESLKPCVKLT---------GGSAITQACPKVSFDPIPLHYCAPAGFAILKCNNKTFNGTGPCRNVSTVQCTHGIKPVVSTQLLLNGSLAEEEIIIRSENLTNNAKTIIVHLNESVNIVCTRPNNGGSGS---------------GGNIRQAHCNINESKWNNTLQKVGEELAKHFPSKTIKFEPSSGGDLEITTHSFNCRGEFFYCNTSDLFNGTYRNGTYNHTGRSSNGTITLQCKIKQIINMWQEVGRAIYAPPIEGEITCNSNITGLLLLRDGGQSNETNDTETFRPGGGDMRDNWRSELYKYKVVEIK
>sequence_db_pdb|4LSS|G_pident_67.5
EIHLENVTEEFNVWKNNMVEQMHTDIISLWDQSLKPCVKLT---------GGSAITQACPKVTFEPIPIHYCAPAGFAILKCKDEEFNGTGLCKNVSTVQCTHGIKPVVSTQLLLNGSLAEKEIRIKSENISDNAKTIIVQLTKPVLINCARPSNGGSGSGG---------------DIRQAYCVVNRTQWNDTLGQVAIQLRKHW-NTTIIFNEPSGGDLEITTHSFNCGGEFFYCNTSDLFNSTWNIEGTASINGTESNDNITLPCRIKQIINMWQRVGQAMYAPPIQGVIRCQSNITGILLTRDGGNTGNNSRTNETFRPGGGDMRDNWRSELYKYKVVKIE
>sequence_db_pdb|6CCB|C_pident_72.6
SCNTSTMAQACPKITFEPIPIHYCAPAGFAILKCKDKGFNGTGSCKNVSTVQCTHGIKPVVTTQLLLNGSTAEEEIVIRSENITDNARTIIVQLTKPININCTRPGNNTRKSVRIGPGQTFYATGAIIGNIRQAHCNVSKTEWNDTLRQVAEQLSKHFPNATTITFANASGGDLEITTHSFNCGGEFFYCNTSKLFSSTWDNSTWG-NNTWGNSTGDNNETITLQCKIKQIINMWQQVGRAMYAPPIQGEIRCESNITGLLLTRDGGANSSTNETFRPGGGDMRDNWRSELYKYKVVKIE
>sequence_db_pdb|5F9O|G_pident_67.1
EIHLENVTENFNMWKNNMVEQMQEDVISLWDQSLQPCVKLT---------GGSVIKQACPKISFDPIPIHYCTPAGYVILKCNDKNFNGTGPCKNVSSVQCTHGIKPVVSTQLLLNGSLAEEEIIIRSENLTNNAKTIIVHLNKSVEINCTRPSNGGSGS---------------GGDIRKAYCEINGTKWNKVLKQVTEKLKEHFNNKTIIFQPPSGGDLEITMHHFNCRGEFFYCNTTQLFNNTCIGNETMKGCN----GTITLPCKIKQIINMWQGTGQAMYAPPIDGKINCVSNITGILLTRDGGANNTSNETFRPGGGNIKDNWRSELYKYKVVQI
>sequence_db_pdb|5FEC|C_pident_67.0
EVVLENVTENFNMWKNDMVDQMQEDVISIWDQCLKPCVKLT---------GGSTLTQACPKVTFDPIPIHYCAPAGYAILKCNQKTFNGKGPCNNVSTVQCTHGIKPVVSTQLLLNGSLAEEEIVIRSKNLRDNAKIIIVQLNKSVEIVCTRPNNGGSGSGG---------------DIRQAYCQISGRQWSEAVNQVKKKLKEHFPHKQISFQSSSGGDLEITTHSFNCGGEFFYCNTSGLFNDTISN----------ATIMLPCRIKQIINMWQEVGKAIYAPPIKGQITCKSDITGLLLLRDGGDTTDNTEIFRPSGGDMRDNWRSELYKYKVVEIK
>sequence_db_pdb|6P8M|C_pident_67.3
EVVLENVTENFNMWKNDMVDQMQEDVISIWDQCLKPCVKLT---------NTSTLTQACPKVTFDPIPIHYCAPAGYAILKCNNKTFNGKGPCNNVSTVQCTHGIKPVVSTQLLLNGSLAEEEIVIRSKNLRDNAKIIIVQLNKSVEIVCTRPNNGGSGS---------------GGDIRQAYCNISGRNWSEAVNQVKKKLKEHFPHKNISFQSSSGGDLEITTHSFNCGGEFFYCNTSGLFNDTISN----------ATIMLPCRIKQIINMWQEVGKAIYAPPIKGNITCKSDITGLLLLRDGCDTTDNTEIFRPSGGDMRDNWRSELYKYKVVEIK
>sequence_db_pdb|6W03|G_pident_86.6
EIHLENVTEEFNMWKNNMVEQMHTDIISLWDQSLKPCVKLTPLCV
>sequence_db_pdb|6P6F|A_pident_86.6
EIHLENVTEEFNMWKNNMVEQMHTDIISLWDQSLKPCVKLTPLCV
>sequence_db_pdb|4P9H|G_pident_66.0
EIHLEQVTENFNMWKNNMVEQMQEDVISLWDQCLQPCVKLT---------GGSVIKQACPKISFDPIPIHYCTPAGYVILKCNDKNFNGTGPCKNVSSVQCTHGIKPVVSTQLLLNGSLAEEEIIIRSENLTNNAKTIIVHLQKSVEINCTRPSNGGSGS---------------GGDIRKAYCEIQGTKWNKVLKQVTEKLKEHFNNKTIIFQPPSGGDLEITMHHFNCRGEFFYCNTTQLFQNTCIGNETMKGCN----GTITLPCKIKQIINMWQGTGQAMYAPPIDGKINCVSQITGILLTRDGGANNTSNETFRPGGGNIKDNWRSELYKYKVVQIE
>sequence_db_pdb|6ULC|A_pident_82.2
EIYMENVTEEFNMWKNNMVEQMHTDIISLWDQSLKPCVQLTPLCV
>sequence_db_pdb|4LSR|G_pident_66.0
EIHLENVTENFNMWKNNMVEQMQEDVISLWDQSLQPCVKLT---------GGSVIKQACPKISFDPIPIHYCTPAGYVILKCNDKNFNGTGPCKNVSSVQCTHGIKPVVSTQLLLNGSLAEEEIIIRSENISDNAKTIIVHLNKSVEINCTRPSNGGSGS---------------GGDIRKAYCEINGTKWNKVLKQVTEKLKEHFNNKTIIFQPPSGGDLEITMHHFNCRGEFFYCNTTQLFNNTCIGNETMKGCN----GTITLPCKIKQIINMWQGTGQAMYAPPIDGKINCVSNITGILLTRDGGNTGNNSRTNETFRPGGGNIKDNWRSELYKYKVVQIE
>sequence_db_pdb|5FYJ|G_pident_84.4
EIPLKNVTENFNMWKNNMVEQMHEDIISLWDESLKPCVKLTPLCV
>sequence_db_pdb|3TYG|A_pident_76.5
VVSTQLLLNGSLAEEEVVIRSVNFTDNAKSICVQLNTSVEINCTRPNNNTRP-------------GEIIGDIRQAHCNISRAKWNNTLKQIASKLREQFGNNKTIIFKQSSGGDPEIVTHSFNCGGEFFYCDSTQLFNSTWFNST
>sequence_db_pdb|5FCU|G_pident_75.6
EIHLENVTENFNMWKNNMVEQMQEDVISLWDQSLQPCVKLT---------GGSVIKQACPKISFDPIPIHYCTPAGYVILKCNDKNFNGTGPCKNVSSVQCTHGIKPVVSS
>sequence_db_pdb|4JPJ|A_pident_59.7
VVSTQLFLNGSLAEEEVVIRSVDFRDNAKSICVQLDTSVEIDCT------------GAG----------------HCDISRAKWDNTLKQIASKLREQFGDRTIIFKQSSGGDPEFVTHSFNCGGEFFYCDSTQLFDSTWFDST
>sequence_db_pdb|4YBL|A_pident_69.2
VVSSGGGNIKDNWRSELYKYKVVQIE
>sequence_db_pdb|1CE4|A_pident_97.1
CTRPNNNTRKSIHIGPGRAFYTTGEIIGDIRQAHC
>sequence_db_pdb|3DNL|A_pident_94.2
TENFNMWKNDMVEQMHEDIISLWDQSLKPCVKLTP
>sequence_db_pdb|2ESX|A_pident_100.0
TRKSIHIGPGRAFYTTGEI
>sequence_db_pdb|3UJJ|P_pident_81.8
NTRKSIRIGPGQAFYATGDIIG
>sequence_db_pdb|4ZTO|P_pident_100.0
VGKAMYAPPIRGQIR
>sequence_db_pdb|1NIZ|A_pident_93.3
RKRIHIGPGRAFYTT
