>Lyciasalamandra_atifi_2154999
CGTGAGCCGCTGTCACTAATCAACCTCCGGAAGAGAAATGAGGAAACTGGAGAGGAGGAGCTGGCATCCAAACTCAACAAGCACAAGGCCAAAGCAACCAGACATATTTTCCTCGTCCGTCACTCCCAGTACAACCTAGATGGGCGTGCTGATACAGACCGGACGCTAACACTGCTAGGTCGTGAGCAGGCTGAAATGACGGGCCAAAGACTGGCCAGTTTGGGGTTTAAATATGACCAGATAGTTCACTCTTCTATG---------------------------------------------------------------------------------------------------------------------------------------------------------------------------------------------------------------------------------------------------------------------------------------------------------------------------------------------------------------------------------------------------------------------------------
>Salamandra_algira_2033643
------------------------------------------------------------------------------------------------------------------------------------------------------------------------------------------------------------------------------------------GACCAGATAGTTCACTCTTCTATGACTAGAGCAGCAGAGACTACGGAGATAATCGGAAAGTACCTGCCTGGGGTGAAGAAAACCAGCACGGACCTGCTGAGAGAGGGTGCCCCAATCCCACCAGACCCCCCTATTTCTCACTGGAAGCCAGACGCTGTG---TACTACGAGGACGGTGCCCGTATTGAAGCTGCATTTCGACGCTTCATTCACAGAGCAGACGCCAAGCAGGAGAAGGATAGCTATGAGGTCTTCATTTGTCATGCCAATGTCATCCGCTACATCGTTTGCAGAGCTTTGCAGTTCCCACCTGAGGGCTGGCTTCGGATGTCCCTGAACAACGGCAGCATTACTTACCTGGTGATTCACCCGAATGGACGGGTGGCACTGCGAGTACTTGGGGAGACTGGGTTCATGCCTCCTGAGAAAATCACCCGCACG
>Salamandra_infraimmaculata_2840709
CGTGAGCCGCTGTCACTAATCAACCTCCGGAAGAGAAATGAGGAAACTGGAGAGGAGGAGCTGGCATCCAAACTCAACAAGCACAAGGCCAAAGCAACCAGACATATTTTCCTCGTCCGTCACTCCCAGTACAACCTAGATGGGCGTGCTGATACAGACCGGACGCTAACACTGCTAGGTCGTGAGCAGGCTGAAATGACGGGCCAAAGACTGGCCAGTTTGGGGTTTAAATATGACCAGATAGTTCACTCTTCTATGACTAGAGCAGCAGAGACTACGGAGATAATCGGAAAGTACCTGCCTGGGGTGAAGAAAACCAGCACGGACCTGCTGAGAGAGGGTGCCCCAATCCCACCAGACCCCCCTATTTCTCACTGGAAGCCAGACGCTGTG---TACTACGAGGACGGTGCCCGTATTGAAGCTGCATTTCGACGCTTCATTCACAGAGCAGACGCCAAGCAGGAGAAGGATAGCTATGAGGTCTTCATTTGTCATGCCAATGTCATCCGCTACATCGTTTGCAGAGCTTTGCAGTTCCCACCTGAGGGCTGGCTTCGGATGTCCCTGAACAACGGCAGCATTACTTACCTGGTGATTCACCCGAATGGACGGGTGGCACTGCGAGTACTTGGGGAGACTGGGTTCATGCCTCCTGAGAAAATCACCCGCACG
>Salamandra_lanzai_2423292
CGTGAGCCGCTGTCACTAATCAACCTCCGGAAGAGAAATGAGGAAACTGGAGAGGAGGAGCTGGCATCCAAACTCAACAAGCACAAGGCCAAAGCAACCAGACATATTTTCCTCGTCCGTCACTCCCAGTACAACCTAGATGGGCGTGCTGATACAGACCGGACGCTAACACTGCTAGGTCGTGAGCAGGCTGAAATGACGGGCCAAAGACTGGCCAGTTTGGGGTTTAAATATGACCAGATAGTTCACTCTTCTATGACTAGAGCAGCAGAGACTACGGAGATAATCGGAAAGTACCTGCCTGGGGTGAAGAAAACCAGCACGGACCTGCTGAGAGAGGGTGCCCCAATCCCACCAGACCCCCCTATTTCTCACTGGAAGCCAGACGCTGTG---TACTACGAGGACGGTGCCCGTATTGAAGCTGCATTTCGACGCTTCATTCACAGAGCAGACGCCAAGCAGGAGAAGGATAGCTATGAGGTCTTCATTTGTCATGCCAATGTCATCCGCTACATCGTTTGCAGAGCTTTGCAGTTCCCACCTGAGGGCTGGCTTCGGATGTCTCTGAACAACGGCAGCATTACTTACCTGGTGATTCACCCGAATGGACGGGTGGCACTGCGAGTACTTGGGGAGACTGGGTTCATGCCTCCTGAGAAAATCACCCGCACG
>Salamandra_salamandra_Galtier_2489775
------------------------------------------------------------CTGGCATCCAAACTCAACAAGCACAAGGCCAAAGCAACCAGACATATTTTCCTCATCCGTCACTCCCAGTACAACCTAGATGGGCGTGCTGATACAGACCGGACGCTAACACTGCTAGGTCGTGAGCAGGCTGAAATGACGGGCCAAAGACTGGCCAGTTTGGGGTTTAAATATGACCAGATAGTTCACTCTTCTATGACTAGAGCAGCAGAGACTACGGAGATAATCGGAAAGTACCTGCCTGGGGTGAAGAAAACCAGCACGGACCTGCTGAGAGAGGGTGCCCCAATCCCACCAGACCCCCCTATTTCTCACTGGAAGCCAGACGCTGTG---TACTACGAGGACGGTGCCCGTATTGAAGCTGCATTTCGACGCTTCATTCACAGAGCAGACGCCAAGCAGGAGAAGGATAGCTATGAGGTCTTCATTTGTCATGCCAATGTCATCCGCTACATCGTTTGCAGAGCTTTGCAGTTCCCACCTGAGGGCTGGCTTCGGATGTCCCTGAACAACGGCAGCATTACTTACCTGGTGATTCACCCGAATGGACGGGTGGCACTGCGAGTACTTGGGGAGACTGGGTTCATGCCTCCTGAGAAAATCACCCGCACG
>Salamandra_salamandra_Miguel_2784579
CGTGAGCCGCTGTCACTAATCAACCTCCGGAAGAGAAATGAGGAAACTGGAGAGGAGGAGCTGGCATCCAAACTCAACAAGCACAAGGCCAAAGCAACCAGACATATTTTCCTCATCCGTCACTCCCAGTACAACCTAGATGGGCGTGCTGATACAGACCGGACGCTAACACTGCTAGGTCGTGAGCAGGCTGAAATGACGGGCCAAAGACTGGCCAGTTTGGGGTTTAAATATGACCAGATAGTTCACTCTTCTATGACTAGAGCAGCAGAGACTACGGAGATAATCGGAAAGTACCTGCCTGGGGTGAAGAAAACCAGCACGGACCTGCTGAGAGAGGGTGCCCCAATCCCACCAGACCCCCCTATTTCTCACTGGAAGCCAGACGCTGTG---TACTACGAGGACGGTGCCCGTATTGAAGCTGCATTTCGACGCTTCATTCACAGAGCAGACGCCAAGCAGGAGAAGGATAGCTATGAGGTCTTCATTTGTCATGCCAATGTCATCCGCTACATCGTTTGCAGAGCTTTGCAGTTCCCACCTGAGGGCTGGCTTCGGATGTCCCTGAACAACGGCAGCATTACTTACCTGGTGATTCACCCGAATGGACGGGTGGCACTGCGAGTACTTGGGGAGACTGGGTTCATGCCTCCTGAGAAAATCACCCGCACG
>Salamandra_bernardezi
CGTGAGCCGCTGTCACTAATCAACCTCCGGAAGAGAAATGAGGAAACTGGAGAGGAGGAGCTGGCATCCAAACTCAACAAGCACAAGGCCAAAGCAACCAGACATATTTTCCTCGTCCGTCACTCCCAGTACAACCTAGATGGGCGTGCTGATACAGACCGGACGCTAACACTGCTAGGTCGTGAGCAGGCTGAAATGACGGGCCAAAGACTGGCCAGTTTGGGGTTTAAATATGACCAGATAGTTCACTCTTCTATGACTAGAGCAGCAGAGACTACGGAGATAATCGGAAAGTACCTGCCTGGGGTGAAGAAAACCAGCACGGACCTGCTGAGAGAGGGTGCCCCAATCCCACCAGACCCCCCTATTTCTCACTGGAAGCCAGACGCTGTGCAGTACTACGAGGACGGTGCCCGTATTGAAGCTGCATTTCGACGCTTCATTCACAGAGCAGACGCCAAGCAGGAGAAGGATAGCTATGAGGTCTTCATTTGTCATGCCAATGTCATCCGCTACATCGTTTGCAGAGCTTTGCAGTTCCCACCTGAGGGCTGGCTTCGGATGTCCCTGAACAACGGCAGCATTACTTACCTGGTGATTCACCCGAATGGACGGGTGGCACTGCGAGTACTTGGGGAGACTGGGTTCATGCCTCCTGAGAAAATCACCCGCACG
>Salamandra_longirostris
CGTGAGCCGCTGTCACTAATCAACCTCCGGAAGAGAAATGAGGAAACTGGAGAGGAGGAGCTGGCATCCAAACTCAACAAGCACAAGGCCAAAGCAACCAGACATATTTTCCTCATCCGTCACTCCCAGTACAACCTAGATGGGCGTGCTGATACAGACCGGACGCTAACACTTCTAGGTCGTGAGCAGGCTGAAATGACGGGCCAAAGACTGGCCAGTTTGGGGTTTAAATATGACCAGATAGTTCACTCTTCTATGACTAGAGCAGCAGAGACTACGGAGATAATCGGAAAGTACCTGCCTGGGGTGAAGAAAACCAGCACGGACCTGCTGAGAGAGGGTGCCCCAATCCCACCAGACCCCCCTATTTCTCACTGGAAGCCAGACGCTGTG---TACTACGAGGACGGTGCCCGTATTGAAGCTGCATTTCGACGCTTCATTCACAGAGCAGACGCCAAGCAGGAGAAGGATAGCTATGAGGTCTTCATTTGTCATGCCAATGTCATCCGCTACATCGTTTGCAGAGCTTTGCAGTTCCCACCTGAGGGCTGGCTTCGGATGTCCCTGAACAACGGCAGCATTACTTACCTGGTGATTCACCCGAATGGACGGGTGGCACTGCGAGTACTTGGGGAGACTGGGTTCATGCCTCCTGAGAAAATCACCCGCACG
>salamandra_db_matching_sequence_from_database_pident_99.612
CGTGAGCCGCTGTCACTAATCAACCTCCGGAAGAGAAATGAGGAAACTGGAGAGGAGGAGCTGGCATCCAAACTCAACAAGCACAAGGCCAAAGCAACCAGACATATTTTCCTCATCCGTCACTCCCAGTACAACCTAGATGGGCGTGCTGATACAGACCGGACGCTAACACTGCTAGGTCGTGAGCAGGCTGAAATGACGGGCCAAAGACTGGCCAGTTTGGGGTTTAAATATGACCAGATAGTTCACTCTTCTATG
>salamandra_db_second_pident_98.062
CGTGAGCCGATGTCACTAATCAACCTCCGGAAGAGAAATGAGGAAACTGGAGAGGAGGAGCTGGCATCCAAACTCTACAAGCACAAGGCCAAAGCAACCAGACATAAATTCCTCATCCGTCACTCCCAGTACAACCTAGATGGGCGTGCTGATACAGACCGGACGCTAACACTGCTAGGTCGTGAGCAGGCTGAAATGACGGGCCAAAGACTGGCCAGTTTGGGGTTTAAATATGACCAGATAGTTCACTCTTCTATG
>salamandra_db_matching_sequence_from_database_pident_99.32
GACCAGATAGTTCACTCTTCTATGACTAGAGCAGCAGAGACTACGGAGATAATCGGAAAGTACCTGCCTGGGGTGAAGAAAACCAGCACGGACCTGCTGAGAGAGGGTGCCCCAATCCCACCAGACCCCCCTATTTCTCACTGGAAGCCAGACGCTGTGNNNTACTACGAGGACGGTGCCCGTATTGAAGCTGCATTTCGACGCTTCATTCACAGAGCAGACGCCAAGCAGGAGAAGGATAGCTATGAGGTCTTCATTTGTCATGCCAATGTCATCCGCTACATCGTTTGCAGAGCTTTGCAGTTCCCACCTGAGGGCTGGCTTCGGATGTCCCTGAACAACGGCAGCATTACTTACCTGGTGATTCACCCGAATGGACGGGTGGCACTGCGAGTACTTGGGGAGACTGGGTTCATGCCTCCTGAGAAAATCACCCGCACG
>salamandra_db_second_pident_97.959
GACCAGATAGTTCACTCTTCTATGACTAGAGCAGCAGAGACTACGGAGATAATCGGAAAGTACCTGCCTGGGGTGAAGAAAACCAGCACGGACCTGCTGAGAGAGGGTGCCCCAATCCCACCAGACCCCCCTAGTTCTCACTAGAAGCCAGACGCTGTGNNNTACTACGACCACGGTGCCCGTATTGAAGCTGCATTTCGACGCTTCATTCACAGAGCAGACGCCAAGCAGTAGAAGGATAGCTATGAGGTATTCATTTGTCATGCCAATGTCATCCGCTACATCGTTTGCAGAGCTTTGCAGTTCCCACCTGAGGGCTGGCTTCGGATGTCCCTGAACAACGGCAGCATTACTTACCTGGTGATTCACCCGAATGGACGGGTGGCACTGCGAGTACTTGGGGAGACTGGGTTCATGCCTCCTGAGAAAATCACCCGCACG
>salamandra_db_matching_sequence_from_database_pident_99.407
CGTGAGCCGCTGTCACTAATCAACCTCCGGAAGAGAAATGAGGAAACTGGAGAGGAGGAGCTGGCATCCAAACTCAACAAGCACAAGGCCAAAGCAACCAGACATATTTTCCTCATCCGTCACTCCCAGTACAACCTAGATGGGCGTGCTGATACAGACCGGACGCTAACACTGCTAGGTCGTGAGCAGGCTGAAATGACGGGCCAAAGACTGGCCAGTTTGGGGTTTAAATATGACCAGATAGTTCACTCTTCTATGACTAGAGCAGCAGAGACTACGGAGATAATCGGAAAGTACCTGCCTGGGGTGAAGAAAACCAGCACGGACCTGCTGAGAGAGGGTGCCCCAATCCCACCAGACCCCCCTATTTCTCACTGGAAGCCAGACGCTGTGNNNTACTACGAGGACGGTGCCCGTATTGAAGCTGCATTTCGACGCTTCATTCACAGAGCAGACGCCAAGCAGGAGAAGGATAGCTATGAGGTCTTCATTTGTCATGCCAATGTCATCCGCTACATCGTTTGCAGAGCTTTGCAGTTCCCACCTGAGGGCTGGCTTCGGATGTCCCTGAACAACGGCAGCATTACTTACCTGGTGATTCACCCGAATGGACGGGTGGCACTGCGAGTACTTGGGGAGACTGGGTTCATGCCTCCTGAGAAAATCACCCGCACG
>salamandra_db_second_pident_97.926
CGTGAGCCGATGTCACTAATCAACCTCCGGAAGAGAAATGAGGAAACTGGAGAGGAGGAGCTGGCATCCAAACTCTACAAGCACAAGGCCAAAGCAACCAGACATAAATTCCTCATCCGTCACTCCCAGTACAACCTAGATGGGCGTGCTGATACAGACCGGACGCTAACACTGCTAGGTCGTGAGCAGGCTGAAATGACGGGCCAAAGACTGGCCAGTTTGGGGTTTAAATATGACCAGATAGTTCACTCTTCTATGACTAGAGCAGCAGAGACTACGGAGATAATCGGAAAGTACCTGCCTGGGGTGAAGAAAACCAGCACGGACCTGCTGAGAGAGGGTGCCCCAATCCCACCAGACCCCCCTAGTTCTCACTAGAAGCCAGACGCTGTGNNNTACTACGACCACGGTGCCCGTATTGAAGCTGCATTTCGACGCTTCATTCACAGAGCAGACGCCAAGCAGTAGAAGGATAGCTATGAGGTATTCATTTGTCATGCCAATGTCATCCGCTACATCGTTTGCAGAGCTTTGCAGTTCCCACCTGAGGGCTGGCTTCGGATGTCCCTGAACAACGGCAGCATTACTTACCTGGTGATTCACCCGAATGGACGGGTGGCACTGCGAGTACTTGGGGAGACTGGGTTCATGCCTCCTGAGAAAATCACCCGCACG
>salamandra_db_matching_sequence_from_database_pident_99.259
CGTGAGCCGCTGTCACTAATCAACCTCCGGAAGAGAAATGAGGAAACTGGAGAGGAGGAGCTGGCATCCAAACTCAACAAGCACAAGGCCAAAGCAACCAGACATATTTTCCTCATCCGTCACTCCCAGTACAACCTAGATGGGCGTGCTGATACAGACCGGACGCTAACACTGCTAGGTCGTGAGCAGGCTGAAATGACGGGCCAAAGACTGGCCAGTTTGGGGTTTAAATATGACCAGATAGTTCACTCTTCTATGACTAGAGCAGCAGAGACTACGGAGATAATCGGAAAGTACCTGCCTGGGGTGAAGAAAACCAGCACGGACCTGCTGAGAGAGGGTGCCCCAATCCCACCAGACCCCCCTATTTCTCACTGGAAGCCAGACGCTGTGNNNTACTACGAGGACGGTGCCCGTATTGAAGCTGCATTTCGACGCTTCATTCACAGAGCAGACGCCAAGCAGGAGAAGGATAGCTATGAGGTCTTCATTTGTCATGCCAATGTCATCCGCTACATCGTTTGCAGAGCTTTGCAGTTCCCACCTGAGGGCTGGCTTCGGATGTCCCTGAACAACGGCAGCATTACTTACCTGGTGATTCACCCGAATGGACGGGTGGCACTGCGAGTACTTGGGGAGACTGGGTTCATGCCTCCTGAGAAAATCACCCGCACG
>salamandra_db_second_pident_97.778
CGTGAGCCGATGTCACTAATCAACCTCCGGAAGAGAAATGAGGAAACTGGAGAGGAGGAGCTGGCATCCAAACTCTACAAGCACAAGGCCAAAGCAACCAGACATAAATTCCTCATCCGTCACTCCCAGTACAACCTAGATGGGCGTGCTGATACAGACCGGACGCTAACACTGCTAGGTCGTGAGCAGGCTGAAATGACGGGCCAAAGACTGGCCAGTTTGGGGTTTAAATATGACCAGATAGTTCACTCTTCTATGACTAGAGCAGCAGAGACTACGGAGATAATCGGAAAGTACCTGCCTGGGGTGAAGAAAACCAGCACGGACCTGCTGAGAGAGGGTGCCCCAATCCCACCAGACCCCCCTAGTTCTCACTAGAAGCCAGACGCTGTGNNNTACTACGACCACGGTGCCCGTATTGAAGCTGCATTTCGACGCTTCATTCACAGAGCAGACGCCAAGCAGTAGAAGGATAGCTATGAGGTATTCATTTGTCATGCCAATGTCATCCGCTACATCGTTTGCAGAGCTTTGCAGTTCCCACCTGAGGGCTGGCTTCGGATGTCCCTGAACAACGGCAGCATTACTTACCTGGTGATTCACCCGAATGGACGGGTGGCACTGCGAGTACTTGGGGAGACTGGGTTCATGCCTCCTGAGAAAATCACCCGCACG
>salamandra_db_matching_sequence_from_database_pident_99.512
CTGGCATCCAAACTCAACAAGCACAAGGCCAAAGCAACCAGACATATTTTCCTCATCCGTCACTCCCAGTACAACCTAGATGGGCGTGCTGATACAGACCGGACGCTAACACTGCTAGGTCGTGAGCAGGCTGAAATGACGGGCCAAAGACTGGCCAGTTTGGGGTTTAAATATGACCAGATAGTTCACTCTTCTATGACTAGAGCAGCAGAGACTACGGAGATAATCGGAAAGTACCTGCCTGGGGTGAAGAAAACCAGCACGGACCTGCTGAGAGAGGGTGCCCCAATCCCACCAGACCCCCCTATTTCTCACTGGAAGCCAGACGCTGTGNNNTACTACGAGGACGGTGCCCGTATTGAAGCTGCATTTCGACGCTTCATTCACAGAGCAGACGCCAAGCAGGAGAAGGATAGCTATGAGGTCTTCATTTGTCATGCCAATGTCATCCGCTACATCGTTTGCAGAGCTTTGCAGTTCCCACCTGAGGGCTGGCTTCGGATGTCCCTGAACAACGGCAGCATTACTTACCTGGTGATTCACCCGAATGGACGGGTGGCACTGCGAGTACTTGGGGAGACTGGGTTCATGCCTCCTGAGAAAATCACCCGCACG
>salamandra_db_second_pident_98.049
CTGGCATCCAAACTCTACAAGCACAAGGCCAAAGCAACCAGACATAAATTCCTCATCCGTCACTCCCAGTACAACCTAGATGGGCGTGCTGATACAGACCGGACGCTAACACTGCTAGGTCGTGAGCAGGCTGAAATGACGGGCCAAAGACTGGCCAGTTTGGGGTTTAAATATGACCAGATAGTTCACTCTTCTATGACTAGAGCAGCAGAGACTACGGAGATAATCGGAAAGTACCTGCCTGGGGTGAAGAAAACCAGCACGGACCTGCTGAGAGAGGGTGCCCCAATCCCACCAGACCCCCCTAGTTCTCACTAGAAGCCAGACGCTGTGNNNTACTACGACCACGGTGCCCGTATTGAAGCTGCATTTCGACGCTTCATTCACAGAGCAGACGCCAAGCAGTAGAAGGATAGCTATGAGGTATTCATTTGTCATGCCAATGTCATCCGCTACATCGTTTGCAGAGCTTTGCAGTTCCCACCTGAGGGCTGGCTTCGGATGTCCCTGAACAACGGCAGCATTACTTACCTGGTGATTCACCCGAATGGACGGGTGGCACTGCGAGTACTTGGGGAGACTGGGTTCATGCCTCCTGAGAAAATCACCCGCACG
>salamandra_db_matching_sequence_from_database_pident_99.556
CGTGAGCCGCTGTCACTAATCAACCTCCGGAAGAGAAATGAGGAAACTGGAGAGGAGGAGCTGGCATCCAAACTCAACAAGCACAAGGCCAAAGCAACCAGACATATTTTCCTCATCCGTCACTCCCAGTACAACCTAGATGGGCGTGCTGATACAGACCGGACGCTAACACTGCTAGGTCGTGAGCAGGCTGAAATGACGGGCCAAAGACTGGCCAGTTTGGGGTTTAAATATGACCAGATAGTTCACTCTTCTATGACTAGAGCAGCAGAGACTACGGAGATAATCGGAAAGTACCTGCCTGGGGTGAAGAAAACCAGCACGGACCTGCTGAGAGAGGGTGCCCCAATCCCACCAGACCCCCCTATTTCTCACTGGAAGCCAGACGCTGTGNNNTACTACGAGGACGGTGCCCGTATTGAAGCTGCATTTCGACGCTTCATTCACAGAGCAGACGCCAAGCAGGAGAAGGATAGCTATGAGGTCTTCATTTGTCATGCCAATGTCATCCGCTACATCGTTTGCAGAGCTTTGCAGTTCCCACCTGAGGGCTGGCTTCGGATGTCCCTGAACAACGGCAGCATTACTTACCTGGTGATTCACCCGAATGGACGGGTGGCACTGCGAGTACTTGGGGAGACTGGGTTCATGCCTCCTGAGAAAATCACCCGCACG
>salamandra_db_second_pident_98.074
CGTGAGCCGATGTCACTAATCAACCTCCGGAAGAGAAATGAGGAAACTGGAGAGGAGGAGCTGGCATCCAAACTCTACAAGCACAAGGCCAAAGCAACCAGACATAAATTCCTCATCCGTCACTCCCAGTACAACCTAGATGGGCGTGCTGATACAGACCGGACGCTAACACTGCTAGGTCGTGAGCAGGCTGAAATGACGGGCCAAAGACTGGCCAGTTTGGGGTTTAAATATGACCAGATAGTTCACTCTTCTATGACTAGAGCAGCAGAGACTACGGAGATAATCGGAAAGTACCTGCCTGGGGTGAAGAAAACCAGCACGGACCTGCTGAGAGAGGGTGCCCCAATCCCACCAGACCCCCCTAGTTCTCACTAGAAGCCAGACGCTGTGNNNTACTACGACCACGGTGCCCGTATTGAAGCTGCATTTCGACGCTTCATTCACAGAGCAGACGCCAAGCAGTAGAAGGATAGCTATGAGGTATTCATTTGTCATGCCAATGTCATCCGCTACATCGTTTGCAGAGCTTTGCAGTTCCCACCTGAGGGCTGGCTTCGGATGTCCCTGAACAACGGCAGCATTACTTACCTGGTGATTCACCCGAATGGACGGGTGGCACTGCGAGTACTTGGGGAGACTGGGTTCATGCCTCCTGAGAAAATCACCCGCACG
>salamandra_db_matching_sequence_from_database_pident_99.407
CGTGAGCCGCTGTCACTAATCAACCTCCGGAAGAGAAATGAGGAAACTGGAGAGGAGGAGCTGGCATCCAAACTCAACAAGCACAAGGCCAAAGCAACCAGACATATTTTCCTCATCCGTCACTCCCAGTACAACCTAGATGGGCGTGCTGATACAGACCGGACGCTAACACTGCTAGGTCGTGAGCAGGCTGAAATGACGGGCCAAAGACTGGCCAGTTTGGGGTTTAAATATGACCAGATAGTTCACTCTTCTATGACTAGAGCAGCAGAGACTACGGAGATAATCGGAAAGTACCTGCCTGGGGTGAAGAAAACCAGCACGGACCTGCTGAGAGAGGGTGCCCCAATCCCACCAGACCCCCCTATTTCTCACTGGAAGCCAGACGCTGTGNNNTACTACGAGGACGGTGCCCGTATTGAAGCTGCATTTCGACGCTTCATTCACAGAGCAGACGCCAAGCAGGAGAAGGATAGCTATGAGGTCTTCATTTGTCATGCCAATGTCATCCGCTACATCGTTTGCAGAGCTTTGCAGTTCCCACCTGAGGGCTGGCTTCGGATGTCCCTGAACAACGGCAGCATTACTTACCTGGTGATTCACCCGAATGGACGGGTGGCACTGCGAGTACTTGGGGAGACTGGGTTCATGCCTCCTGAGAAAATCACCCGCACG
>salamandra_db_second_pident_97.926
CGTGAGCCGATGTCACTAATCAACCTCCGGAAGAGAAATGAGGAAACTGGAGAGGAGGAGCTGGCATCCAAACTCTACAAGCACAAGGCCAAAGCAACCAGACATAAATTCCTCATCCGTCACTCCCAGTACAACCTAGATGGGCGTGCTGATACAGACCGGACGCTAACACTGCTAGGTCGTGAGCAGGCTGAAATGACGGGCCAAAGACTGGCCAGTTTGGGGTTTAAATATGACCAGATAGTTCACTCTTCTATGACTAGAGCAGCAGAGACTACGGAGATAATCGGAAAGTACCTGCCTGGGGTGAAGAAAACCAGCACGGACCTGCTGAGAGAGGGTGCCCCAATCCCACCAGACCCCCCTAGTTCTCACTAGAAGCCAGACGCTGTGNNNTACTACGACCACGGTGCCCGTATTGAAGCTGCATTTCGACGCTTCATTCACAGAGCAGACGCCAAGCAGTAGAAGGATAGCTATGAGGTATTCATTTGTCATGCCAATGTCATCCGCTACATCGTTTGCAGAGCTTTGCAGTTCCCACCTGAGGGCTGGCTTCGGATGTCCCTGAACAACGGCAGCATTACTTACCTGGTGATTCACCCGAATGGACGGGTGGCACTGCGAGTACTTGGGGAGACTGGGTTCATGCCTCCTGAGAAAATCACCCGCACG
>salamandra_db_matching_sequence_from_database_pident_99.407
CGTGAGCCGCTGTCACTAATCAACCTCCGGAAGAGAAATGAGGAAACTGGAGAGGAGGAGCTGGCATCCAAACTCAACAAGCACAAGGCCAAAGCAACCAGACATATTTTCCTCATCCGTCACTCCCAGTACAACCTAGATGGGCGTGCTGATACAGACCGGACGCTAACACTGCTAGGTCGTGAGCAGGCTGAAATGACGGGCCAAAGACTGGCCAGTTTGGGGTTTAAATATGACCAGATAGTTCACTCTTCTATGACTAGAGCAGCAGAGACTACGGAGATAATCGGAAAGTACCTGCCTGGGGTGAAGAAAACCAGCACGGACCTGCTGAGAGAGGGTGCCCCAATCCCACCAGACCCCCCTATTTCTCACTGGAAGCCAGACGCTGTGNNNTACTACGAGGACGGTGCCCGTATTGAAGCTGCATTTCGACGCTTCATTCACAGAGCAGACGCCAAGCAGGAGAAGGATAGCTATGAGGTCTTCATTTGTCATGCCAATGTCATCCGCTACATCGTTTGCAGAGCTTTGCAGTTCCCACCTGAGGGCTGGCTTCGGATGTCCCTGAACAACGGCAGCATTACTTACCTGGTGATTCACCCGAATGGACGGGTGGCACTGCGAGTACTTGGGGAGACTGGGTTCATGCCTCCTGAGAAAATCACCCGCACG
>salamandra_db_second_pident_97.926
CGTGAGCCGATGTCACTAATCAACCTCCGGAAGAGAAATGAGGAAACTGGAGAGGAGGAGCTGGCATCCAAACTCTACAAGCACAAGGCCAAAGCAACCAGACATAAATTCCTCATCCGTCACTCCCAGTACAACCTAGATGGGCGTGCTGATACAGACCGGACGCTAACACTGCTAGGTCGTGAGCAGGCTGAAATGACGGGCCAAAGACTGGCCAGTTTGGGGTTTAAATATGACCAGATAGTTCACTCTTCTATGACTAGAGCAGCAGAGACTACGGAGATAATCGGAAAGTACCTGCCTGGGGTGAAGAAAACCAGCACGGACCTGCTGAGAGAGGGTGCCCCAATCCCACCAGACCCCCCTAGTTCTCACTAGAAGCCAGACGCTGTGNNNTACTACGACCACGGTGCCCGTATTGAAGCTGCATTTCGACGCTTCATTCACAGAGCAGACGCCAAGCAGTAGAAGGATAGCTATGAGGTATTCATTTGTCATGCCAATGTCATCCGCTACATCGTTTGCAGAGCTTTGCAGTTCCCACCTGAGGGCTGGCTTCGGATGTCCCTGAACAACGGCAGCATTACTTACCTGGTGATTCACCCGAATGGACGGGTGGCACTGCGAGTACTTGGGGAGACTGGGTTCATGCCTCCTGAGAAAATCACCCGCACG
