>FG_MV_2002_415_ZMA_19421_BBB
GCAGCTGAATTTTACAGAATATTTCAGCTAGAAATAGGAGAGGTCTACAGAAATTCCAATGCGACCAAAGAAGAGCGGAAGAAATGGCAAACTATACTTGACAGACACATCAGAAAGAAGCTAAATCTAAAACCCATCATGAGAATGAATGGAAACTTTGCCCGGAAACTCATGACCAAGGAGACAGTAGAAGCAGTGTGCGAATTAGTGCAATGTGAAGAGAGACAAGGAGCGCTTAAAGAACTAATGGACTTGTACCTTAAAATGAAGCCAGTATGGCGTTCTTCATGCCCAGCCAAAGAATGCCCAGAGTTACTCTGCCAATATAGTTATCACTCTCAACGTTTTGCAGAACTTTTGTCCACAAAGTTCAAGTACAGATATGACGGCAAGATTACCAACTACTTTCACAAAACCCTTGCCCACGTTCCAGAGATCATTGAACGCGACGGTTCCATCGGAGCTTGGGCCAGTG
>FG_MV_2002_530_UADBA_20646
GCAGCTGAATTTTACAGAATATTTCAGCTAGAAATAGGAGAGGTCTACAGAAATTCCAATGCGACCAAAGAAGAGCGGAAGAAATGGCAAACTATACTTGACAGACACATCAGrAAGAAGCTAAATCTAAAACCCATCATGAGAATGAATGGAAACTTTGCCCGGAAACTCATGACCAAGGAGACAGTAGAAGCAGTGTGCGAATTAGTGCAATGTGAAGAGAGACAAGGAGCGCTTAAAGAACTAATGGACTTGTACCTTAAAATGAAGCCAGTATGGCGTTCTTCATGCCCAGCCAAAGAATGCCCAGAGTTACTCTGCCAATATAGTTATCACTCTCAACGTTTTGCAGAACTTTTGTCCACAAAGTTCAAGTACAGATATGACGGCAAGATTACCAACTACTTTCACAAAACCCTTGCCCACGTTCCAGAGATCATTGAACGCGACGGTTCCATCGGAGCTTGGGCCAGTG
>FGZC_1397_uadba_BBB
GCAGCTGAATTTTACAGAATATTTCAGCTAGAAATAGGAGAGGTCTACAGAAATCCCACTGCGACCAAAGAAGAGCGAAAGAAATGGCAAACTATACTTGACAAACACATCAGAAAGAAGCTAAATCTAAAACCCATCATGAGAATGAATGGAAACTTTGCCCGGAAACTCATGACCAAGGAGACAGTAGAAGCAGTGTGTGAATTAGTGCAATGTGAAGAGAGACAAGGGGCGCTTAAAGAACTAATGGACTTGTACCTTAAAATGAAGCCAGTATGGCGTTCTTCATGCCCAGCCAAAGAATGCCCAGAGTTACTCTGCCAATATAGTTATCACTCTCAACGTTTTGCAGAACTTTTGTCCACAAAGTTCAAGTACAGATATGACGGCAAGATTACCAACTACTTTCACAAAACCCTTGCCCACGTTCCAGAGATCATTGAACGCGACGGTTCCATTGGAGCTTGGGCCAGTG

>mala_db_FGMV2002_531_pident_99.3
TGPSSDGTVAFNDLWNVGKGFVKVVGNLAVISVLELCGQKFCKTLRVITILAE*LWAFFGWA*RTPYWLHFKVQVH*FFKRSLSLFTLH*FAHCFYCLLGHEFPGKVSIHSHDGF*I*LLSDVSVKYSLPFLPLFFGRIGISVDLSYF*LKYSVKFSC
>mala_db_MVTIS_20718_APR_7651_pident_99.3
TGPSSDGTVAFNDLWNVGKGFVKVVGNLAVISVLELCGQKFCKTLRVITILAE*LWAFFGWA*RTPYWLHFKVQVH*FFKRSLSLFTLH*FAHCFYCLLGHEFPGKVSIHSHDGF*I*LLSDVSVKYSLPFLSLFFGRIGISVDLSYF*LKYSVKFSC
>mala_db_MVTIS_12617_APR_12214_pident_99.3
TGPSSDGTVAFNDLWNVGKGFVKVVGNLAVISVLELCGQKFCKTLRVITILAE*LWAFFGWA*RTPYWLHFKVQVH*FFKRSLSLFTLH*FAHCFYCLLGHEFPGKVSIHSHDGF*I*LLSDVSVKYSLPFLSLFFGRIGISVDLSYF*LKYSVKFSC
>mala_db_FG_MV_2002_530_UADBA_20646_pident_99.3
TGPSSDGTVAFNDLWNVGKGFVKVVGNLAVISVLELCGQKFCKTLRVITILAE*LWAFFGWA*RTPYWLHFKVQVH*FFKRSLSLFTLH*FAHCFYCLLGHEFPGKVSIHSHDGF*I*LLXDVSVKYSLPFLPLFFGRIGISVDLSYF*LKYSVKFSC
>mala_db_FG_MV_2002_415_ZMA_19421_pident_99.3
TGPSSDGTVAFNDLWNVGKGFVKVVGNLAVISVLELCGQKFCKTLRVITILAE*LWAFFGWA*RTPYWLHFKVQVH*FFKRSLSLFTLH*FAHCFYCLLGHEFPGKVSIHSHDGF*I*LLSDVSVKYSLPFLPLFFGRIGISVDLSYF*LKYSVKFSC
>mala_db_MVTIS_20138_DLR_0632_pident_99.3
AAEFYRIFQLEIGEVYRNSNASKEERKKWQTILDRHIRKKLNLKPIMRMNGNFARKLMTKETVEAVCELVQCEERQGALKELMDLYLKMKPVWRSSCPAKECPELLCQYSYHSQRFAELLSTKFKYRYDGKITNYFHKTLAHVPEIIERDGSIGAWAS
>mala_db_MVTIS_20110_DLR_0478_pident_99.3
AAEFYRIFQLEIGEVYRNSNASKEERKKWQTILDRHIRKKLNLKPIMRMNGNFARKLMTKETVEAVCELVQCEERQGALKELMDLYLKMKPVWRSSCPAKECPELLCQYSYHSQRFAELLSTKFKYRYDGKITNYFHKTLAHVPEIIERDGSIGAWAS
>mala_db_ZCMV_845_ZSM_5096_2005_pident_99.3
AAEFYRIFQLEIGEVYRNPNATKEERKKWQTILDKHIRKKLNLKPIMRMNGNFARKLMTKETVEAVCELVQCEERQGALKELMDLYLKMKPVWRSSCPAKECPELLCQYSYHSQRFAELLSTKFKYRYDGKITNYFHKTLAHVPEIIERDGSIGAWAS
>mala_db_ZCMV_15140_UADBA_pident_99.3
AAEFYRIFQLEIGEVYRNPNATKEERKKWQTILDKHIRKKLNLKPIMRMNGNFARKLMTKETVEAVCELVQCEERQGALKELMDLYLKMKPVWRSSCPAKECPELLCQYSYHSQRFAELLSTKFKYRYDGKITNYFHKTLAHVPEIIERDGSIGAWAS
>mala_db_MSZC_0277_UADBA_pident_99.3
AAEFYRIFQLEIGEVYRNPNATKEERKKWQTILDKHIRKKLNLKPIMRMNGNFARKLMTKETVEAVCELVQCEERQGALKELMDLYLKMKPVWRSSCPAKECPELLCQYSYHSQRFAELLSTKFKYRYDGKITNYFHKTLAHVPEIIERDGSIGAWAS
>mala_db_FGZC_2774_pident_99.3
AAEFYRIFQLEIGEVYRNPNATKEERKKWQTILDKHIRKKLNLKPIMRMNGNFARKLMTKETVEAVCELVQCEERQGALKELMDLYLKMKPVWRSSCPAKECPELLCQYSYHSQRFAELLSTKFKYRYDGKITNYFHKTLAHVPEIIERDGSIGAWAS
>mala_db_MVTIS_20991_APR_8659_pident_97.2
LAQAPMEPSRSMISGTWARVL*K*LVILPSYLYLNFVDKSSAKR*E**LYWQSNSGHSLAGHEERHTGFILRYKSISSLSAPCLSSHCTNSHTASTVSLVMSFRAKFPFILMMGFRFSFFLMCLSSRVCHFFRSSLVTLEFL*T
>mala_db_MVTIS_20671_APR_9822_pident_97.2
LAQAPMEPSRSMISGTWARVL*K*LVILPSYLYLNFVDKSSAKR*E**LYWQSNSGHSLAGHEERHTGFILRYKSISSLSAPCLSSHCTNSHTASTVSLVMSFRAKFPFILMMGFRFSFFLMCLSSRVCHFFRSSLVTLEFL*T
>mala_db_MVTIS_20662_APR_9812_pident_97.2
LAQAPMEPSRSMISGTWARVL*K*LVILPSYLYLNFVDKSSAKR*E**LYWQSNSGHSLAGHEERHTGFILRYKSISSLSAPCLSSHCTNSHTASTVSLVMSFRAKFPFILMMGFRFSFFLMCLSSRVCHFFRSSLVTLEFL*T
>mala_db_MVTIS_20594_APR_11885_pident_98.7
AAEFYRIFQLEIGEVYRNPNATKEERKKWQTLLDKHIRKKLNLKPIMRMNGNFARKLMTKETVEAVCELVQCEERQGALKELMDLYLKMKPVWRSSCPAKECPELLCQYSYHSQRFAELLSTKFKYRYDGKITNYFHKTLAHVPEIIERDGSIGAWAS
>mala_db_MVTIS_20417_20412_seq_APR_12006_pident_98.7
AAEFYRIFQLEIGEVYRNPNATKEERKKWQTLLDKHIRKKLNLKPIMRMNGNFARKLMTKETVEAVCELVQCEERQGALKELMDLYLKMKPVWRSSCPAKECPELLCQYSYHSQRFAELLSTKFKYRYDGKITNYFHKTLAHVPEIIERDGSIGAWAS
>mala_db_FGZC_4244_UADBA_pident_98.7
AAEFYRIFQLEIGEVYRNPNATKEERKKWQTLLDKHIRKKLNLKPIMRMNGNFARKLMTKETVEAVCELVQCEERQGALKELMDLYLKMKPVWRSSCPAKECPELLCQYSYHSQRFAELLSTKFKYRYDGKITNYFHKTLAHVPEIIERDGSIGAWAS
>mala_db_FGZC_4201_UADBA_pident_98.7
AAEFYRIFQLEIGEVYRNPNATKEERKKWQTLLDKHIRKKLNLKPIMRMNGNFARKLMTKETVEAVCELVQCEERQGALKELMDLYLKMKPVWRSSCPAKECPELLCQYSYHSQRFAELLSTKFKYRYDGKITNYFHKTLAHVPEIIERDGSIGAWAS
>mala_db_ZCMV_5497_ZSM_2464_2007_pident_98.7
AAEFYRIFQLEIGEVYRNPNATKEERKKWQTILDKHIRKKLNLKPIMRMNGNFARKLMTKETVEAVCELVQCEERQGALKELMDLYLKMKPVWRSSCPAKECPELLCQYSFHSQRFAELLSTKFKYRYDGKITNYFHKTLAHVPEIIERDGSIGAWAS
>mala_db_ZCMV_5486_ZSM_2463_2007_pident_98.7
AAEFYRIFQLEIGEVYRNPNATKEERKKWQTILDKHIRKKLNLKPIMRMNGNFARKLMTKETVEAVCELVQCEERQGALKELMDLYLKMKPVWRSSCPAKECPELLCQYSFHSQRFAELLSTKFKYRYDGKITNYFHKTLAHVPEIIERDGSIGAWAS
>mala_db_ZCMV_3362_ZSM_537_2006_pident_98.7
AAEFYRIFQLEIGEVYRNPNATKEERKKWQTILDKHIRKKLNLKPIMRMNGNFARKLMTKETVEAVCELVQCEERQGALKELMDLYLKMKPVWRSSCPAKECPELLCQYSFHSQRFAELLSTKFKYRYDGKITNYFHKTLAHVPEIIERDGSIGAWAS
>mala_db_MVTIS_20927_APR_8340_pident_98.7
AAEFYRIFQLEIGEVYRNPNATKEERKKWQTILDKHIRKKLNLKPIMRMNGNFARKLMTKETVEAVCELVQCEERQGALKELMDLYLKMKPVWRSSCPAKECPELLCQYSFHSQRFAELLSTKFKYRYDGKITNYFHKTLAHVPEIIERDGSIGAWAS
>mala_db_FGZC_5181_ZSM_164_2016_pident_97.2
LAQAPMEPSRSMISGTWARVL*K*LVILPSYLYLNFVDKSSAKR*E**LYWQSNSGHSLAGHEERHTGFILRYKSISSLSAPCLSSHCTNSHTASTVSLVMSFRAKFPFILMMGFRFSFFLMCLSSXVCHFFRSSLVXLEFL*T
>mala_db_ZCMV_91_ZMA_pident_97.9
LAQAPMEPSRSMISGTWARVL*K*LVILPSYLYLNFVDKSSAKR*E**LYWQSNSGHSLAGHEERHTGFILRYKSISSLSAPCLSSHCTNSHTASTVSLVMSFRAKFPFILMMGFRFSFFLMCLSSRVCHFFRSSLVTLGFL*T
>mala_db_ZCMV_90_ZMA_pident_97.9
LAQAPMEPSRSMISGTWARVL*K*LVILPSYLYLNFVDKSSAKR*E**LYWQSNSGHSLAGHEERHTGFILRYKSISSLSAPCLSSHCTNSHTASTVSLVMSFRAKFPFILMMGFRFSFFLMCLSSRVCHFFRSSLVTLGFL*T
>mala_db_ZCMV_7234_7237seq_Rag1_ZSM_711_2009_pident_98.1
AAEFYRIFQLEIGEVYRNPNVTKEERKKWQTLLDKHIRKKLNLKPIMRMNGNFARKLMTKETVEAVCELVQCEERQGALKELMDLYLKMKPVWRSSCPAKECPELLCQYSYHSQRFAELLSTKFKYRYDGKITNYFHKTLAHVPEIIERDGSIGAWAS
>mala_db_PSG_49_pident_98.1
AAEFYRIFQLEIGEVYRNPNVTKEERKKWQTLLDKHIRKKLNLKPIMRMNGNFARKLMTKETVEAVCELVQCEERQGALKELMDLYLKMKPVWRSSCPAKECPELLCQYSYHSQRFAELLSTKFKYRYDGKITNYFHKTLAHVPEIIERDGSIGAWAS
>mala_db_MSZC_0414_pident_100.0
AAEFYRIFQLEIGEVYRNPTATKEERKKWQTILDKHIRKKLNLKPIMRMNGNFARKLMTKETVEAVCELVQCEERQGALKELMDLYLKMKPVWRSSCPAKECPELLCQYSYHSQRFAELLSTKFKYRYDGKITNYFHKTLAHVPEIIERDGSIGAWAS
>mala_db_FGZC_2843_pident_98.1
TSPSSDGTVAFNDLWNVGKGFVKVVGNLAVISVLELCGQKFCKTLRVITILAE*LWAFFGWA*RTPYWLHFKVQVH*FFKRPLSLFTLH*FAHCFYCLLGHEFPGKVSIHSHDGF*I*LLSDVFVKYSLPFLSLFFGRSGISVDLSYF*LKYSVKFSC
>mala_db_FGZC_1482_ZSM_2234_2007_pident_100.0
AAEFYRIFQLEIGEVYRNPTATKEERKKWQTILDKHIRKKLNLKPIMRMNGNFARKLMTKETVEAVCELVQCEERQGALKELMDLYLKMKPVWRSSCPAKECPELLCQYSYHSQRFAELLSTKFKYRYDGKITNYFHKTLAHVPEIIERDGSIGAWAS
>mala_db_FGZC_1397_uadba_pident_100.0
AAEFYRIFQLEIGEVYRNPTATKEERKKWQTILDKHIRKKLNLKPIMRMNGNFARKLMTKETVEAVCELVQCEERQGALKELMDLYLKMKPVWRSSCPAKECPELLCQYSYHSQRFAELLSTKFKYRYDGKITNYFHKTLAHVPEIIERDGSIGAWAS
>mala_db_PSG_1015_pident_98.1
AAEFYRIFQLEIGEVYRNPNXTKEERKKWQTLLDKHIRKKLNLKPIMRMNGNFARKLMTKETVEAVCELVQCEERQGALKELMDLYLKMKPVWRSSCPAKECPELLCQYSYHSQRFAELLSTKFKYRYDGKITNYFHKTLAHVPEIIERDGSIGAWAS
>mala_db_MVTIS_20212_DLR_0805_pident_97.2
LAQAPMEPSRSMISGTWARVL*K*LVILPSYLYLNFVDKSSAKR*E**LYWQSNSGHSLAGHEERHTGFILRYKSISSLSAPCLSSHCTNSHTASIVSLVMSFRAKFPFILMMGFRFSFFLMCLSSRVCHFFRSSLVTLGFL*T
>mala_db_MVTIS_20192_DLR_0721_pident_97.4
AAEFYRIFQLEIGEVYRNPNVTKEERKKWQTLLDKHIRKKLNLKPIMRMNGNFARKLMTKETIEAVCELVQCEERQGALKELMDLYLKMKPVWRSSCPAKECPELLCQYSYHSQRFAELLSTKFKYRYDGKITNYFHKTLAHVPEIIERDGSIGAWAS
>mala_db_MSZC_0281_282_seq_UADBA_pident_98.1
AAEFYRIFQLEIGEVYRNPNSTKEERKKWQTILDKHIRKKLNLKPIMRMNGNFARKLMTKETVEAVCELVQCEERQGALKELMDLYLKMKPVWRSSCPAKECPELLCQYSYHSQRFAELLSTKFKYRYEGKITNYFHKTLAHVPEIIERDGSIGAWAS
>mala_db_MVTIS_20940_APR_8448_pident_97.2
LAQAPMEPSRSMISGTWARVL*K*LVILPSYLYLNFVDKSSAKR*E**LYWQSNSGHSLAGHEERHTGFILRYKSISSLSAPCLSSHCTNSHTASTVSLVMSFRAKFPFILMMGFRFSFFLMCLSSXVCHFFRSSLVXLEFL*T
>mala_db_MSZC_0163_ZSM_60_2016_pident_99.3
AAEFYRIFQLEIGEVYRNPTATKEERKKWQTILDKHIRKKLNLKPIMRMNGNFARKLMTKETVEAVCELVQCEERQGVLKELMDLYLKMKPVWRSSCPAKECPELLCQYSYHSQRFAELLSTKFKYRYDGKITNYFHKTLAHVPEIIERDGSIGAWAS
>mala_db_ZCMV_7300_ZSM_712_2009_pident_97.4
AAEFYRIFQLEIGEVYRNPNVTKEERKKWQTLLDKHIRKKLNLKPIMRMNGNFARKLMTKETVEAVCELVQCEERQGALKELMXLYLKMKPVWRSSCPAKECPELLCQYSYHSQRFAELLSTKFKYRYDGKITNYFHKTLAHVPEIIERDGSIGAWAS
